// Jest Snapshot v1, https://goo.gl/fbAQLP

exports[`Internal Server Error Message should render the Internal Server Error component 1`] = `
<InternalServerErrorMessage
  history={
    Object {
      "goBack": [MockFunction],
    }
  }
>
  <div
    id="internal-server-error"
  >
    <div
      className="server-error"
    >
      <div
        className="server-error-500"
      />
      <h1>
        500
      </h1>
      <h2>
        Sorry. It is not you. It is us.
      </h2>
      <p>
        We are experiencing an internal server problem.
      </p>
      <p>
        Please try again later or contact support 
        <span
          className="mail"
        >
          almond.froyo@gmail.com
        </span>
      </p>
      <button
        className="mdc-button mdc-button--raised"
        onClick={[MockFunction]}
      >
        <MaterialIcon
          className="back-button"
          hasRipple={false}
          icon="arrow_back"
          unbounded={false}
        >
          <MaterialIconDefault
            className="back-button"
            icon="arrow_back"
          >
            <i
              className="material-icons back-button"
            >
              arrow_back
            </i>
          </MaterialIconDefault>
        </MaterialIcon>
        <span
          className="mdc-button__label"
        >
          Back to homepage
        </span>
      </button>
    </div>
  </div>
</InternalServerErrorMessage>
`;
