// Jest Snapshot v1, https://goo.gl/fbAQLP

exports[`PageNotFound component should match snapshot 1`] = `
<div
  id="notfound"
>
  <div
    className="notfound"
  >
    <div
      className="notfound-404"
    />
    <h1>
      404
    </h1>
    <h2>
      Oops! Page Not Be Found
    </h2>
    <p>
      Sorry but the page you are looking for does not exist, have been removed. name changed or is temporarily unavailable
    </p>
    <button
      className="mdc-button mdc-button--raised"
      onClick={[MockFunction]}
    >
      <MaterialIcon
        className="back-button"
        hasRipple={false}
        icon="arrow_back"
        unbounded={false}
      />
      <span
        className="mdc-button__label"
      >
        Back
      </span>
    </button>
  </div>
</div>
`;
